// Jest Snapshot v1, https://goo.gl/fbAQLP

exports[`Header should match the snapshot 1`] = `
<header>
  <div
    className="left"
  >
    <h3>
      Food Nearby
    </h3>
  </div>
  <div
    className="right"
  >
    <NavLink
      to="/"
    >
      <h2>
        snackMACK
      </h2>
    </NavLink>
  </div>
</header>
`;
