// Jest Snapshot v1, https://goo.gl/fbAQLP

exports[`TrucksContainer should match the snapshot 1`] = `
<main>
  <Header />
  <div
    className="mainpage-container"
  >
    <div
      className="sidebar"
    >
      <button>
        VIEW POTENTIAL LOCATIONS
      </button>
      <div
        className="inner-scroll-container"
      />
    </div>
    <Connect(PotentialLocations) />
  </div>
</main>
`;
